---
source: src/adapter/nvim.rs
assertion_line: 661
expression: out
---
-- slate-managed palette for catppuccin-mocha
{
  Normal = { fg = '#cdd6f4', bg = '#1e1e2e' },
  NormalNC = { fg = '#cdd6f4', bg = '#1e1e2e' },
  NormalSB = { fg = '#cdd6f4', bg = '#1e1e2e' },
  NormalFloat = { fg = '#cdd6f4', bg = '#313244' },
  FloatBorder = { fg = '#585b70' },
  FloatTitle = { fg = '#94e2d5', bold = true },
  EndOfBuffer = { fg = '#585b70', bg = '#1e1e2e' },
  Cursor = { fg = '#1e1e2e', bg = '#cdd6f4', reverse = true },
  lCursor = { link = 'Cursor' },
  CursorIM = { link = 'Cursor' },
  CursorColumn = { link = 'CursorLine' },
  CursorLine = { bg = '#313244' },
  CursorLineNr = { fg = '#94e2d5', bold = true },
  LineNr = { fg = '#585b70' },
  LineNrAbove = { fg = '#585b70' },
  LineNrBelow = { fg = '#585b70' },
  SignColumn = { fg = '#585b70', bg = '#1e1e2e' },
  SignColumnSB = { fg = '#585b70', bg = '#1e1e2e' },
  Folded = { fg = '#585b70', bg = '#313244' },
  FoldColumn = { fg = '#585b70' },
  ColorColumn = { bg = '#313244' },
  Conceal = { fg = '#585b70' },
  Directory = { fg = '#94e2d5' },
  VertSplit = { fg = '#585b70' },
  WinSeparator = { fg = '#585b70' },
  DiffAdd = { bg = '#a6e3a1' },
  DiffChange = { bg = '#f9e2af' },
  DiffDelete = { bg = '#f38ba8' },
  DiffText = { fg = '#f9e2af', bold = true },
  ErrorMsg = { fg = '#f38ba8' },
  WarningMsg = { fg = '#f9e2af' },
  ModeMsg = { fg = '#94e2d5', bold = true },
  MoreMsg = { fg = '#94e2d5', bold = true },
  MsgArea = { fg = '#cdd6f4' },
  Question = { fg = '#94e2d5' },
  MatchParen = { fg = '#94e2d5', bold = true },
  NonText = { fg = '#585b70' },
  Whitespace = { fg = '#585b70' },
  Pmenu = { fg = '#cdd6f4', bg = '#313244' },
  PmenuMatch = { fg = '#94e2d5', bg = '#313244', bold = true },
  PmenuSel = { bg = '#585b70' },
  PmenuMatchSel = { fg = '#94e2d5', bg = '#585b70', bold = true },
  PmenuSbar = { bg = '#45475a' },
  PmenuThumb = { bg = '#585b70' },
  StatusLine = { fg = '#cdd6f4', bg = '#45475a' },
  StatusLineNC = { fg = '#585b70', bg = '#313244' },
  TabLine = { fg = '#585b70', bg = '#313244' },
  TabLineFill = { fg = '#585b70', bg = '#313244' },
  TabLineSel = { fg = '#cdd6f4', bg = '#1e1e2e', bold = true },
  Title = { fg = '#94e2d5', bold = true },
  Visual = { bg = '#585b70' },
  VisualNOS = { bg = '#585b70' },
  WildMenu = { link = 'Visual' },
  WinBar = { fg = '#cdd6f4', bg = '#1e1e2e' },
  WinBarNC = { fg = '#585b70', bg = '#1e1e2e' },
  Search = { fg = '#1e1e2e', bg = '#585b70', bold = true },
  IncSearch = { fg = '#1e1e2e', bg = '#f9e2af', bold = true },
  CurSearch = { fg = '#1e1e2e', bg = '#f9e2af', bold = true },
  Substitute = { fg = '#1e1e2e', bg = '#585b70', bold = true },
  SpecialKey = { fg = '#585b70' },
  SpellBad = { fg = '#f38ba8', undercurl = true },
  SpellCap = { fg = '#f9e2af', undercurl = true },
  SpellLocal = { fg = '#94e2d5', undercurl = true },
  SpellRare = { fg = '#585b70', undercurl = true },
  QuickFixLine = { link = 'Visual' },
  Bold = { bold = true },
  Italic = { italic = true },
  Underlined = { underline = true },
  Debug = { fg = '#f9e2af' },
  debugBreakpoint = { fg = '#f38ba8' },
  debugPC = { bg = '#45475a' },
  Character = { fg = '#a6e3a1' },
  Constant = { fg = '#f9e2af' },
  Delimiter = { fg = '#585b70' },
  Error = { fg = '#f38ba8' },
  Function = { fg = '#89b4fa' },
  Identifier = { fg = '#89b4fa' },
  Keyword = { fg = '#f5c2e7' },
  Operator = { fg = '#f5c2e7' },
  PreProc = { fg = '#94e2d5' },
  Special = { fg = '#94e2d5' },
  Statement = { fg = '#f5c2e7' },
  String = { fg = '#a6e3a1' },
  Todo = { fg = '#94e2d5', bold = true },
  Type = { fg = '#94e2d5' },
  Comment = { fg = '#585b70', italic = true },
  MsgSeparator = { fg = '#585b70' },
  diffAdded = { fg = '#a6e3a1' },
  diffChanged = { fg = '#f9e2af' },
  diffRemoved = { fg = '#f38ba8' },
  diffFile = { fg = '#585b70' },
  diffLine = { fg = '#585b70' },
  diffIndexLine = { fg = '#585b70' },
  diffOldFile = { fg = '#585b70' },
  diffNewFile = { fg = '#585b70' },
  LspReferenceText = { bg = '#45475a' },
  LspReferenceRead = { bg = '#45475a' },
  LspReferenceWrite = { bg = '#45475a' },
  LspSignatureActiveParameter = { fg = '#eebebe', bold = true },
  LspCodeLens = { fg = '#585b70', italic = true },
  LspInlayHint = { fg = '#585b70', italic = true },
  LspInfoBorder = { link = 'FloatBorder' },
  DiagnosticError = { fg = '#f38ba8' },
  DiagnosticWarn = { fg = '#f9e2af' },
  DiagnosticInfo = { fg = '#94e2d5' },
  DiagnosticHint = { fg = '#585b70' },
  DiagnosticUnnecessary = { fg = '#585b70', italic = true },
  DiagnosticVirtualTextError = { fg = '#f38ba8', italic = true },
  DiagnosticVirtualTextWarn = { fg = '#f9e2af', italic = true },
  DiagnosticVirtualTextInfo = { fg = '#94e2d5', italic = true },
  DiagnosticVirtualTextHint = { fg = '#585b70', italic = true },
  DiagnosticUnderlineError = { fg = '#f38ba8', undercurl = true },
  DiagnosticUnderlineWarn = { fg = '#f9e2af', undercurl = true },
  DiagnosticUnderlineInfo = { fg = '#94e2d5', undercurl = true },
  DiagnosticUnderlineHint = { fg = '#585b70', undercurl = true },
  healthError = { fg = '#f38ba8' },
  healthSuccess = { fg = '#a6e3a1' },
  healthWarning = { fg = '#f9e2af' },
  ComplHint = { fg = '#585b70' },
  dosIniLabel = { fg = '#f5c2e7' },
  helpCommand = { fg = '#94e2d5' },
  helpExample = { fg = '#a6e3a1' },
  htmlH1 = { fg = '#94e2d5', bold = true },
  htmlH2 = { fg = '#f5c2e7', bold = true },
  qfFileName = { fg = '#94e2d5' },
  qfLineNr = { fg = '#585b70' },
  Question_NC = { fg = '#585b70' },
  ["@annotation"] = { fg = '#94e2d5' },
  ["@attribute"] = { fg = '#94e2d5' },
  ["@boolean"] = { fg = '#f9e2af' },
  ["@character"] = { fg = '#f9e2af' },
  ["@character.printf"] = { fg = '#f9e2af' },
  ["@character.special"] = { fg = '#f9e2af' },
  ["@comment"] = { fg = '#585b70', italic = true },
  ["@comment.error"] = { fg = '#f38ba8', italic = true },
  ["@comment.hint"] = { fg = '#585b70', italic = true },
  ["@comment.info"] = { fg = '#94e2d5', italic = true },
  ["@comment.note"] = { fg = '#94e2d5', bold = true },
  ["@comment.todo"] = { fg = '#94e2d5', bold = true },
  ["@comment.warning"] = { fg = '#f9e2af', italic = true },
  ["@constant"] = { fg = '#f9e2af' },
  ["@constant.builtin"] = { fg = '#f9e2af' },
  ["@constant.macro"] = { fg = '#f9e2af' },
  ["@constructor"] = { fg = '#94e2d5' },
  ["@constructor.tsx"] = { fg = '#94e2d5' },
  ["@diff.delta"] = { link = 'DiffChange' },
  ["@diff.minus"] = { link = 'DiffDelete' },
  ["@diff.plus"] = { link = 'DiffAdd' },
  ["@function"] = { fg = '#89b4fa' },
  ["@function.builtin"] = { fg = '#89b4fa' },
  ["@function.call"] = { fg = '#89b4fa' },
  ["@function.macro"] = { fg = '#89b4fa' },
  ["@function.method"] = { fg = '#89b4fa' },
  ["@function.method.call"] = { fg = '#89b4fa' },
  ["@keyword"] = { fg = '#f5c2e7' },
  ["@keyword.conditional"] = { fg = '#f5c2e7' },
  ["@keyword.coroutine"] = { fg = '#f5c2e7' },
  ["@keyword.debug"] = { fg = '#f5c2e7' },
  ["@keyword.directive"] = { fg = '#f5c2e7' },
  ["@keyword.directive.define"] = { fg = '#f5c2e7' },
  ["@keyword.exception"] = { fg = '#f5c2e7' },
  ["@keyword.function"] = { fg = '#f5c2e7' },
  ["@keyword.import"] = { fg = '#f5c2e7' },
  ["@keyword.operator"] = { fg = '#f5c2e7' },
  ["@keyword.repeat"] = { fg = '#f5c2e7' },
  ["@keyword.return"] = { fg = '#f5c2e7' },
  ["@keyword.storage"] = { fg = '#f5c2e7' },
  ["@label"] = { fg = '#f5c2e7' },
  ["@markup"] = { fg = '#cdd6f4' },
  ["@markup.emphasis"] = { italic = true },
  ["@markup.environment"] = { fg = '#94e2d5' },
  ["@markup.environment.name"] = { fg = '#94e2d5' },
  ["@markup.heading"] = { fg = '#94e2d5', bold = true },
  ["@markup.italic"] = { italic = true },
  ["@markup.link"] = { fg = '#94e2d5', underline = true },
  ["@markup.link.label"] = { fg = '#94e2d5', underline = true },
  ["@markup.link.url"] = { fg = '#94e2d5', underline = true },
  ["@markup.list"] = { fg = '#f9e2af' },
  ["@markup.list.checked"] = { fg = '#94e2d5' },
  ["@markup.list.unchecked"] = { fg = '#585b70' },
  ["@markup.math"] = { fg = '#a6e3a1' },
  ["@markup.raw"] = { fg = '#a6e3a1' },
  ["@markup.raw.markdown_inline"] = { fg = '#a6e3a1' },
  ["@markup.strikethrough"] = { link = 'Comment' },
  ["@markup.strong"] = { bold = true },
  ["@markup.underline"] = { underline = true },
  ["@module"] = { fg = '#94e2d5' },
  ["@module.builtin"] = { fg = '#94e2d5' },
  ["@namespace.builtin"] = { fg = '#94e2d5' },
  ["@none"] = { link = 'Normal' },
  ["@number"] = { fg = '#f9e2af' },
  ["@number.float"] = { fg = '#f9e2af' },
  ["@operator"] = { fg = '#f5c2e7' },
  ["@property"] = { fg = '#eebebe' },
  ["@punctuation.bracket"] = { fg = '#585b70' },
  ["@punctuation.delimiter"] = { fg = '#585b70' },
  ["@punctuation.special"] = { fg = '#585b70' },
  ["@string"] = { fg = '#a6e3a1' },
  ["@string.documentation"] = { fg = '#a6e3a1' },
  ["@string.escape"] = { fg = '#94e2d5' },
  ["@string.regexp"] = { fg = '#94e2d5' },
  ["@tag"] = { fg = '#f5c2e7' },
  ["@tag.attribute"] = { fg = '#eebebe' },
  ["@tag.delimiter"] = { fg = '#585b70' },
  ["@tag.delimiter.tsx"] = { fg = '#585b70' },
  ["@tag.tsx"] = { fg = '#f5c2e7' },
  ["@tag.javascript"] = { fg = '#f5c2e7' },
  ["@type"] = { fg = '#94e2d5' },
  ["@type.builtin"] = { fg = '#94e2d5' },
  ["@type.definition"] = { fg = '#94e2d5' },
  ["@type.qualifier"] = { fg = '#94e2d5' },
  ["@variable"] = { fg = '#cdd6f4' },
  ["@variable.builtin"] = { fg = '#94e2d5' },
  ["@variable.member"] = { fg = '#eebebe' },
  ["@variable.parameter"] = { fg = '#eebebe' },
  ["@variable.parameter.builtin"] = { fg = '#eebebe' },
  ["@namespace"] = { fg = '#94e2d5' },
  ["@field"] = { link = '@variable.member' },
  ["@parameter"] = { link = '@variable.parameter' },
  ["@text"] = { fg = '#cdd6f4' },
  ["@text.literal"] = { fg = '#a6e3a1' },
  ["@text.reference"] = { fg = '#94e2d5' },
  ["@text.title"] = { fg = '#94e2d5', bold = true },
  ["@text.uri"] = { fg = '#94e2d5', underline = true },
  ["@text.todo"] = { fg = '#94e2d5', bold = true },
  ["@text.note"] = { fg = '#94e2d5', bold = true },
  ["@text.warning"] = { fg = '#f9e2af', bold = true },
  ["@text.danger"] = { fg = '#f38ba8', bold = true },
  ["@lsp.type.boolean"] = { link = '@boolean' },
  ["@lsp.type.builtinType"] = { link = '@type.builtin' },
  ["@lsp.type.comment"] = { link = '@comment' },
  ["@lsp.type.decorator"] = { link = '@attribute' },
  ["@lsp.type.deriveHelper"] = { link = '@attribute' },
  ["@lsp.type.enum"] = { link = '@type' },
  ["@lsp.type.enumMember"] = { fg = '#f9e2af' },
  ["@lsp.type.escapeSequence"] = { link = '@string.escape' },
  ["@lsp.type.formatSpecifier"] = { fg = '#94e2d5' },
  ["@lsp.type.generic"] = { link = '@type' },
  ["@lsp.type.interface"] = { link = '@type' },
  ["@lsp.type.keyword"] = { link = '@keyword' },
  ["@lsp.type.lifetime"] = { fg = '#f5c2e7' },
  ["@lsp.type.namespace"] = { link = '@namespace' },
  ["@lsp.type.namespace.python"] = { link = '@variable' },
  ["@lsp.type.number"] = { link = '@number' },
  ["@lsp.type.operator"] = { link = '@operator' },
  ["@lsp.type.parameter"] = { fg = '#eebebe' },
  ["@lsp.type.property"] = { link = '@property' },
  ["@lsp.type.selfKeyword"] = { fg = '#eebebe', italic = true },
  ["@lsp.type.selfTypeKeyword"] = { fg = '#eebebe', italic = true },
  ["@lsp.type.string"] = { link = '@string' },
  ["@lsp.type.typeAlias"] = { link = '@type.definition' },
  ["@lsp.type.unresolvedReference"] = { fg = '#f38ba8', undercurl = true },
  ["@lsp.type.variable"] = { link = '@variable' },
  ["@lsp.typemod.class.defaultLibrary"] = { fg = '#94e2d5', italic = true },
  ["@lsp.typemod.enum.defaultLibrary"] = { fg = '#94e2d5', italic = true },
  ["@lsp.typemod.enumMember.defaultLibrary"] = { fg = '#f9e2af', italic = true },
  ["@lsp.typemod.function.defaultLibrary"] = { fg = '#89b4fa', italic = true },
  ["@lsp.typemod.keyword.async"] = { fg = '#f5c2e7', italic = true },
  ["@lsp.typemod.keyword.injected"] = { fg = '#f5c2e7', italic = true },
  ["@lsp.typemod.macro.defaultLibrary"] = { fg = '#89b4fa', italic = true },
  ["@lsp.typemod.method.defaultLibrary"] = { fg = '#89b4fa', italic = true },
  ["@lsp.typemod.operator.injected"] = { fg = '#f5c2e7', italic = true },
  ["@lsp.typemod.string.injected"] = { fg = '#a6e3a1', italic = true },
  ["@lsp.typemod.struct.defaultLibrary"] = { fg = '#94e2d5', italic = true },
  ["@lsp.typemod.type.defaultLibrary"] = { fg = '#94e2d5', italic = true },
  ["@lsp.typemod.typeAlias.defaultLibrary"] = { fg = '#94e2d5', italic = true },
  ["@lsp.typemod.variable.callable"] = { link = '@function' },
  ["@lsp.typemod.variable.defaultLibrary"] = { fg = '#94e2d5', italic = true },
  ["@lsp.typemod.variable.injected"] = { fg = '#cdd6f4', italic = true },
  ["@lsp.typemod.variable.static"] = { fg = '#f9e2af' },
  TelescopeNormal = { fg = '#cdd6f4', bg = '#1e1e2e' },
  TelescopeResultsNormal = { fg = '#cdd6f4', bg = '#1e1e2e' },
  TelescopePreviewNormal = { fg = '#cdd6f4', bg = '#313244' },
  TelescopePromptNormal = { fg = '#cdd6f4', bg = '#45475a' },
  TelescopeBorder = { link = 'FloatBorder' },
  TelescopePromptBorder = { link = 'FloatBorder' },
  TelescopePreviewBorder = { link = 'FloatBorder' },
  TelescopeResultsBorder = { link = 'FloatBorder' },
  TelescopeTitle = { fg = '#1e1e2e', bg = '#94e2d5' },
  TelescopePromptTitle = { fg = '#1e1e2e', bg = '#94e2d5' },
  TelescopePreviewTitle = { fg = '#1e1e2e', bg = '#94e2d5' },
  TelescopeResultsTitle = { fg = '#1e1e2e', bg = '#94e2d5' },
  TelescopeMatching = { fg = '#f9e2af', bold = true },
  TelescopeSelection = { bg = '#585b70' },
  TelescopeSelectionCaret = { fg = '#94e2d5' },
  TelescopePromptPrefix = { fg = '#94e2d5' },
  NeoTreeDirectoryName = { fg = '#94e2d5' },
  NeoTreeDirectoryIcon = { fg = '#94e2d5' },
  NeoTreeRootName = { fg = '#94e2d5', bold = true },
  NeoTreeSymbolicLinkTarget = { fg = '#f5c2e7' },
  NeoTreeNormal = { link = 'Normal' },
  NeoTreeNormalNC = { link = 'Normal' },
  NeoTreeFloatBorder = { link = 'FloatBorder' },
  NeoTreeFloatTitle = { link = 'FloatTitle' },
  NeoTreeTitleBar = { fg = '#1e1e2e', bg = '#94e2d5' },
  NeoTreeFileNameOpened = { fg = '#94e2d5' },
  NeoTreeModified = { fg = '#94e2d5' },
  NeoTreeDimText = { fg = '#585b70' },
  NeoTreeExpander = { fg = '#585b70' },
  NeoTreeIndentMarker = { fg = '#585b70' },
  NeoTreeFilterTerm = { fg = '#94e2d5', bold = true },
  NeoTreeGitAdded = { fg = '#a6e3a1' },
  NeoTreeGitStaged = { fg = '#a6e3a1' },
  NeoTreeGitModified = { fg = '#f9e2af' },
  NeoTreeGitUnstaged = { fg = '#f9e2af' },
  NeoTreeGitDeleted = { fg = '#f38ba8' },
  NeoTreeGitConflict = { fg = '#f38ba8' },
  NeoTreeGitUntracked = { fg = '#f38ba8' },
  NeoTreeGitIgnored = { fg = '#585b70' },
  NeoTreeTabActive = { fg = '#cdd6f4', bg = '#1e1e2e' },
  NeoTreeTabInactive = { fg = '#585b70', bg = '#313244' },
  NeoTreeTabSeparatorActive = { fg = '#585b70' },
  NeoTreeTabSeparatorInactive = { fg = '#585b70' },
  NeoTreeVertSplit = { link = 'VertSplit' },
  NeoTreeWinSeparator = { link = 'WinSeparator' },
  NeoTreeStatusLineNC = { link = 'StatusLineNC' },
  GitSignsAdd = { fg = '#a6e3a1' },
  GitSignsChange = { fg = '#f9e2af' },
  GitSignsDelete = { fg = '#f38ba8' },
  GitSignsCurrentLineBlame = { fg = '#585b70', italic = true },
  GitSignsAddPreview = { bg = '#a6e3a1' },
  GitSignsAddInline = { bg = '#a6e3a1' },
  GitSignsChangeInline = { bg = '#f9e2af' },
  GitSignsDeletePreview = { bg = '#f38ba8' },
  GitSignsDeleteInline = { bg = '#f38ba8' },
  GitSignsDeleteVirtLn = { bg = '#f38ba8' },
  WhichKey = { fg = '#94e2d5' },
  WhichKeyBorder = { link = 'FloatBorder' },
  WhichKeyGroup = { fg = '#f5c2e7' },
  WhichKeySeparator = { fg = '#585b70' },
  WhichKeyDesc = { fg = '#cdd6f4' },
  WhichKeyValue = { fg = '#585b70' },
  BlinkCmpLabel = { fg = '#cdd6f4' },
  BlinkCmpLabelDeprecated = { fg = '#585b70', undercurl = true },
  BlinkCmpLabelMatch = { fg = '#94e2d5', bold = true },
  BlinkCmpLabelDescription = { fg = '#585b70' },
  BlinkCmpLabelDetail = { fg = '#585b70' },
  BlinkCmpKind = { fg = '#94e2d5' },
  BlinkCmpMenu = { link = 'Pmenu' },
  BlinkCmpMenuBorder = { link = 'FloatBorder' },
  BlinkCmpMenuSelection = { link = 'PmenuSel' },
  BlinkCmpDoc = { link = 'NormalFloat' },
  BlinkCmpDocBorder = { link = 'FloatBorder' },
  BlinkCmpScrollBarGutter = { link = 'PmenuSbar' },
  BlinkCmpScrollBarThumb = { link = 'PmenuThumb' },
  BlinkCmpSignatureHelpBorder = { link = 'FloatBorder' },
  BlinkCmpKindText = { fg = '#cdd6f4' },
  BlinkCmpKindMethod = { fg = '#89b4fa' },
  BlinkCmpKindFunction = { fg = '#89b4fa' },
  BlinkCmpKindConstructor = { fg = '#89b4fa' },
  BlinkCmpKindField = { fg = '#eebebe' },
  BlinkCmpKindVariable = { fg = '#cdd6f4' },
  BlinkCmpKindClass = { fg = '#94e2d5' },
  BlinkCmpKindInterface = { fg = '#94e2d5' },
  BlinkCmpKindModule = { fg = '#94e2d5' },
  BlinkCmpKindProperty = { fg = '#eebebe' },
  BlinkCmpKindUnit = { fg = '#f9e2af' },
  BlinkCmpKindValue = { fg = '#f9e2af' },
  BlinkCmpKindEnum = { fg = '#94e2d5' },
  BlinkCmpKindKeyword = { fg = '#f5c2e7' },
  BlinkCmpKindSnippet = { fg = '#94e2d5' },
  BlinkCmpKindColor = { fg = '#94e2d5' },
  BlinkCmpKindFile = { fg = '#cdd6f4' },
  BlinkCmpKindReference = { fg = '#585b70' },
  BlinkCmpKindFolder = { fg = '#94e2d5' },
  BlinkCmpKindEnumMember = { fg = '#f9e2af' },
  BlinkCmpKindConstant = { fg = '#f9e2af' },
  BlinkCmpKindStruct = { fg = '#94e2d5' },
  BlinkCmpKindEvent = { fg = '#94e2d5' },
  BlinkCmpKindOperator = { fg = '#f5c2e7' },
  BlinkCmpKindTypeParameter = { fg = '#94e2d5' },
  BlinkCmpKindCopilot = { fg = '#94e2d5' },
  CmpItemAbbr = { fg = '#cdd6f4' },
  CmpItemAbbrDeprecated = { fg = '#585b70', undercurl = true },
  CmpItemAbbrMatch = { fg = '#94e2d5', bold = true },
  CmpItemAbbrMatchFuzzy = { fg = '#94e2d5', bold = true },
  CmpItemKind = { fg = '#94e2d5' },
  CmpItemMenu = { fg = '#585b70' },
  CmpItemKindText = { fg = '#cdd6f4' },
  CmpItemKindMethod = { fg = '#89b4fa' },
  CmpItemKindFunction = { fg = '#89b4fa' },
  CmpItemKindConstructor = { fg = '#89b4fa' },
  CmpItemKindField = { fg = '#eebebe' },
  CmpItemKindVariable = { fg = '#cdd6f4' },
  CmpItemKindClass = { fg = '#94e2d5' },
  CmpItemKindInterface = { fg = '#94e2d5' },
  CmpItemKindModule = { fg = '#94e2d5' },
  CmpItemKindProperty = { fg = '#eebebe' },
  CmpItemKindUnit = { fg = '#f9e2af' },
  CmpItemKindValue = { fg = '#f9e2af' },
  CmpItemKindEnum = { fg = '#94e2d5' },
  CmpItemKindKeyword = { fg = '#f5c2e7' },
  CmpItemKindSnippet = { fg = '#94e2d5' },
  CmpItemKindColor = { fg = '#94e2d5' },
  CmpItemKindFile = { fg = '#cdd6f4' },
  CmpItemKindReference = { fg = '#585b70' },
  CmpItemKindFolder = { fg = '#94e2d5' },
  CmpItemKindEnumMember = { fg = '#f9e2af' },
  CmpItemKindConstant = { fg = '#f9e2af' },
  CmpItemKindStruct = { fg = '#94e2d5' },
  CmpItemKindEvent = { fg = '#94e2d5' },
  CmpItemKindOperator = { fg = '#f5c2e7' },
  CmpItemKindTypeParameter = { fg = '#94e2d5' },
  CmpItemKindCopilot = { fg = '#94e2d5' },
  CmpItemKindTabNine = { fg = '#94e2d5' },
  CmpItemKindCodeium = { fg = '#94e2d5' },
}
