---
source: tests/bat_tmtheme_snapshots.rs
expression: xml
---
<?xml version="1.0" encoding="UTF-8"?>
<!DOCTYPE plist PUBLIC "-//Apple Computer//DTD PLIST 1.0//EN"
  "http://www.apple.com/DTDs/PropertyList-1.0.dtd">
<plist version="1.0">
<dict>
    <key>name</key>
    <string>slate-gruvbox-light</string>
    <key>settings</key>
    <array>
        <dict>
            <key>settings</key>
            <dict>
                <key>background</key>
                <string>#fbf1c7</string>
                <key>foreground</key>
                <string>#3c3836</string>
                <key>caret</key>
                <string>#3c3836</string>
                <key>selection</key>
                <string>#d5c4a1</string>
                <key>lineHighlight</key>
                <string>#fdf4c1</string>
                <key>invisibles</key>
                <string>#928374</string>
                <key>gutter</key>
                <string>#f9f5d9</string>
                <key>gutterForeground</key>
                <string>#928374</string>
            </dict>
        </dict>
        <dict>
            <key>name</key>
            <string>Comment</string>
            <key>scope</key>
            <string>comment, punctuation.definition.comment</string>
            <key>settings</key>
            <dict>
                <key>foreground</key>
                <string>#928374</string>
                <key>fontStyle</key>
                <string>italic</string>
            </dict>
        </dict>
        <dict>
            <key>name</key>
            <string>String</string>
            <key>scope</key>
            <string>string, constant.other.symbol</string>
            <key>settings</key>
            <dict>
                <key>foreground</key>
                <string>#66661e</string>
            </dict>
        </dict>
        <dict>
            <key>name</key>
            <string>Keyword</string>
            <key>scope</key>
            <string>keyword, storage.type, storage.modifier</string>
            <key>settings</key>
            <dict>
                <key>foreground</key>
                <string>#6d2d5c</string>
            </dict>
        </dict>
        <dict>
            <key>name</key>
            <string>Constant</string>
            <key>scope</key>
            <string>constant, constant.numeric</string>
            <key>settings</key>
            <dict>
                <key>foreground</key>
                <string>#8b4513</string>
            </dict>
        </dict>
        <dict>
            <key>name</key>
            <string>Function</string>
            <key>scope</key>
            <string>entity.name.function, support.function</string>
            <key>settings</key>
            <dict>
                <key>foreground</key>
                <string>#0d5c7d</string>
            </dict>
        </dict>
        <dict>
            <key>name</key>
            <string>Type</string>
            <key>scope</key>
            <string>entity.name.type, entity.name.class, support.class</string>
            <key>settings</key>
            <dict>
                <key>foreground</key>
                <string>#406058</string>
            </dict>
        </dict>
        <dict>
            <key>name</key>
            <string>Variable</string>
            <key>scope</key>
            <string>variable, variable.parameter</string>
            <key>settings</key>
            <dict>
                <key>foreground</key>
                <string>#3c3836</string>
            </dict>
        </dict>
        <dict>
            <key>name</key>
            <string>Operator</string>
            <key>scope</key>
            <string>keyword.operator</string>
            <key>settings</key>
            <dict>
                <key>foreground</key>
                <string>#3c3836</string>
            </dict>
        </dict>
        <dict>
            <key>name</key>
            <string>Tag</string>
            <key>scope</key>
            <string>entity.name.tag</string>
            <key>settings</key>
            <dict>
                <key>foreground</key>
                <string>#6d2d5c</string>
            </dict>
        </dict>
        <dict>
            <key>name</key>
            <string>Attribute</string>
            <key>scope</key>
            <string>entity.other.attribute-name</string>
            <key>settings</key>
            <dict>
                <key>foreground</key>
                <string>#8b4513</string>
            </dict>
        </dict>
        <dict>
            <key>name</key>
            <string>Markup Inserted</string>
            <key>scope</key>
            <string>markup.inserted</string>
            <key>settings</key>
            <dict>
                <key>foreground</key>
                <string>#66661e</string>
            </dict>
        </dict>
        <dict>
            <key>name</key>
            <string>Markup Deleted</string>
            <key>scope</key>
            <string>markup.deleted</string>
            <key>settings</key>
            <dict>
                <key>foreground</key>
                <string>#9d0006</string>
            </dict>
        </dict>
        <dict>
            <key>name</key>
            <string>Markup Changed</string>
            <key>scope</key>
            <string>markup.changed</string>
            <key>settings</key>
            <dict>
                <key>foreground</key>
                <string>#8b4513</string>
            </dict>
        </dict>
        <dict>
            <key>name</key>
            <string>Markup Heading</string>
            <key>scope</key>
            <string>markup.heading</string>
            <key>settings</key>
            <dict>
                <key>foreground</key>
                <string>#0d5c7d</string>
            </dict>
        </dict>
        <dict>
            <key>name</key>
            <string>Markup Bold</string>
            <key>scope</key>
            <string>markup.bold</string>
            <key>settings</key>
            <dict>
                <key>foreground</key>
                <string>#6d2d5c</string>
                <key>fontStyle</key>
                <string>bold</string>
            </dict>
        </dict>
        <dict>
            <key>name</key>
            <string>Markup Italic</string>
            <key>scope</key>
            <string>markup.italic</string>
            <key>settings</key>
            <dict>
                <key>foreground</key>
                <string>#6d2d5c</string>
                <key>fontStyle</key>
                <string>italic</string>
            </dict>
        </dict>
        <dict>
            <key>name</key>
            <string>Regular Expression</string>
            <key>scope</key>
            <string>string.regexp</string>
            <key>settings</key>
            <dict>
                <key>foreground</key>
                <string>#8b4513</string>
            </dict>
        </dict>
        <dict>
            <key>name</key>
            <string>Escape Sequence</string>
            <key>scope</key>
            <string>constant.character.escape</string>
            <key>settings</key>
            <dict>
                <key>foreground</key>
                <string>#406058</string>
            </dict>
        </dict>
        <dict>
            <key>name</key>
            <string>Invalid</string>
            <key>scope</key>
            <string>invalid.illegal</string>
            <key>settings</key>
            <dict>
                <key>foreground</key>
                <string>#fbf1c7</string>
                <key>background</key>
                <string>#9d0006</string>
            </dict>
        </dict>
        <dict>
            <key>name</key>
            <string>Diff Meta</string>
            <key>scope</key>
            <string>meta.diff, meta.diff.header</string>
            <key>settings</key>
            <dict>
                <key>foreground</key>
                <string>#0d5c7d</string>
            </dict>
        </dict>
    </array>
    <key>uuid</key>
    <string>f6f10295-6ca1-51fd-91d6-c1d3924d8f37</string>
</dict>
</plist>
