---
source: tests/bat_tmtheme_snapshots.rs
expression: xml
---
<?xml version="1.0" encoding="UTF-8"?>
<!DOCTYPE plist PUBLIC "-//Apple Computer//DTD PLIST 1.0//EN"
  "http://www.apple.com/DTDs/PropertyList-1.0.dtd">
<plist version="1.0">
<dict>
    <key>name</key>
    <string>slate-catppuccin-macchiato</string>
    <key>settings</key>
    <array>
        <dict>
            <key>settings</key>
            <dict>
                <key>background</key>
                <string>#24273a</string>
                <key>foreground</key>
                <string>#cad3f5</string>
                <key>caret</key>
                <string>#f4dbd6</string>
                <key>selection</key>
                <string>#5b6078</string>
                <key>lineHighlight</key>
                <string>#1e1e2e</string>
                <key>invisibles</key>
                <string>#5b6078</string>
                <key>gutter</key>
                <string>#181825</string>
                <key>gutterForeground</key>
                <string>#5b6078</string>
            </dict>
        </dict>
        <dict>
            <key>name</key>
            <string>Comment</string>
            <key>scope</key>
            <string>comment, punctuation.definition.comment</string>
            <key>settings</key>
            <dict>
                <key>foreground</key>
                <string>#5b6078</string>
                <key>fontStyle</key>
                <string>italic</string>
            </dict>
        </dict>
        <dict>
            <key>name</key>
            <string>String</string>
            <key>scope</key>
            <string>string, constant.other.symbol</string>
            <key>settings</key>
            <dict>
                <key>foreground</key>
                <string>#a6da95</string>
            </dict>
        </dict>
        <dict>
            <key>name</key>
            <string>Keyword</string>
            <key>scope</key>
            <string>keyword, storage.type, storage.modifier</string>
            <key>settings</key>
            <dict>
                <key>foreground</key>
                <string>#f5bde6</string>
            </dict>
        </dict>
        <dict>
            <key>name</key>
            <string>Constant</string>
            <key>scope</key>
            <string>constant, constant.numeric</string>
            <key>settings</key>
            <dict>
                <key>foreground</key>
                <string>#eed49f</string>
            </dict>
        </dict>
        <dict>
            <key>name</key>
            <string>Function</string>
            <key>scope</key>
            <string>entity.name.function, support.function</string>
            <key>settings</key>
            <dict>
                <key>foreground</key>
                <string>#8aadf4</string>
            </dict>
        </dict>
        <dict>
            <key>name</key>
            <string>Type</string>
            <key>scope</key>
            <string>entity.name.type, entity.name.class, support.class</string>
            <key>settings</key>
            <dict>
                <key>foreground</key>
                <string>#8bd5ca</string>
            </dict>
        </dict>
        <dict>
            <key>name</key>
            <string>Variable</string>
            <key>scope</key>
            <string>variable, variable.parameter</string>
            <key>settings</key>
            <dict>
                <key>foreground</key>
                <string>#cad3f5</string>
            </dict>
        </dict>
        <dict>
            <key>name</key>
            <string>Operator</string>
            <key>scope</key>
            <string>keyword.operator</string>
            <key>settings</key>
            <dict>
                <key>foreground</key>
                <string>#cad3f5</string>
            </dict>
        </dict>
        <dict>
            <key>name</key>
            <string>Tag</string>
            <key>scope</key>
            <string>entity.name.tag</string>
            <key>settings</key>
            <dict>
                <key>foreground</key>
                <string>#f5bde6</string>
            </dict>
        </dict>
        <dict>
            <key>name</key>
            <string>Attribute</string>
            <key>scope</key>
            <string>entity.other.attribute-name</string>
            <key>settings</key>
            <dict>
                <key>foreground</key>
                <string>#eed49f</string>
            </dict>
        </dict>
        <dict>
            <key>name</key>
            <string>Markup Inserted</string>
            <key>scope</key>
            <string>markup.inserted</string>
            <key>settings</key>
            <dict>
                <key>foreground</key>
                <string>#a6da95</string>
            </dict>
        </dict>
        <dict>
            <key>name</key>
            <string>Markup Deleted</string>
            <key>scope</key>
            <string>markup.deleted</string>
            <key>settings</key>
            <dict>
                <key>foreground</key>
                <string>#ed8796</string>
            </dict>
        </dict>
        <dict>
            <key>name</key>
            <string>Markup Changed</string>
            <key>scope</key>
            <string>markup.changed</string>
            <key>settings</key>
            <dict>
                <key>foreground</key>
                <string>#eed49f</string>
            </dict>
        </dict>
        <dict>
            <key>name</key>
            <string>Markup Heading</string>
            <key>scope</key>
            <string>markup.heading</string>
            <key>settings</key>
            <dict>
                <key>foreground</key>
                <string>#8aadf4</string>
            </dict>
        </dict>
        <dict>
            <key>name</key>
            <string>Markup Bold</string>
            <key>scope</key>
            <string>markup.bold</string>
            <key>settings</key>
            <dict>
                <key>foreground</key>
                <string>#f5bde6</string>
                <key>fontStyle</key>
                <string>bold</string>
            </dict>
        </dict>
        <dict>
            <key>name</key>
            <string>Markup Italic</string>
            <key>scope</key>
            <string>markup.italic</string>
            <key>settings</key>
            <dict>
                <key>foreground</key>
                <string>#f5bde6</string>
                <key>fontStyle</key>
                <string>italic</string>
            </dict>
        </dict>
        <dict>
            <key>name</key>
            <string>Regular Expression</string>
            <key>scope</key>
            <string>string.regexp</string>
            <key>settings</key>
            <dict>
                <key>foreground</key>
                <string>#eed49f</string>
            </dict>
        </dict>
        <dict>
            <key>name</key>
            <string>Escape Sequence</string>
            <key>scope</key>
            <string>constant.character.escape</string>
            <key>settings</key>
            <dict>
                <key>foreground</key>
                <string>#8bd5ca</string>
            </dict>
        </dict>
        <dict>
            <key>name</key>
            <string>Invalid</string>
            <key>scope</key>
            <string>invalid.illegal</string>
            <key>settings</key>
            <dict>
                <key>foreground</key>
                <string>#24273a</string>
                <key>background</key>
                <string>#ed8796</string>
            </dict>
        </dict>
        <dict>
            <key>name</key>
            <string>Diff Meta</string>
            <key>scope</key>
            <string>meta.diff, meta.diff.header</string>
            <key>settings</key>
            <dict>
                <key>foreground</key>
                <string>#8aadf4</string>
            </dict>
        </dict>
    </array>
    <key>uuid</key>
    <string>cffbcf47-8520-5a31-b8de-f3b2cb7bf2b4</string>
</dict>
</plist>
